127.0.0.1 - - [08/Nov/2023:09:34:56 +0900] "GET / HTTP/1.1" 404 807
0:0:0:0:0:0:0:1 - - [08/Nov/2023:09:34:56 +0900] "GET /jsp/h HTTP/1.1" 200 15
127.0.0.1 - - [08/Nov/2023:09:36:46 +0900] "GET / HTTP/1.1" 404 807
0:0:0:0:0:0:0:1 - - [08/Nov/2023:09:36:46 +0900] "GET /jsp/h HTTP/1.1" 200 28
127.0.0.1 - - [08/Nov/2023:09:39:04 +0900] "GET / HTTP/1.1" 404 807
0:0:0:0:0:0:0:1 - - [08/Nov/2023:09:39:04 +0900] "GET /jsp/h HTTP/1.1" 200 44
127.0.0.1 - - [08/Nov/2023:09:44:10 +0900] "GET / HTTP/1.1" 404 807
0:0:0:0:0:0:0:1 - - [08/Nov/2023:09:44:11 +0900] "GET /jsp/deptList HTTP/1.1" 500 1424
127.0.0.1 - - [08/Nov/2023:09:44:28 +0900] "GET / HTTP/1.1" 404 807
0:0:0:0:0:0:0:1 - - [08/Nov/2023:09:44:28 +0900] "GET /jsp/jobList HTTP/1.1" 500 1420
127.0.0.1 - - [08/Nov/2023:09:51:36 +0900] "GET / HTTP/1.1" 404 807
0:0:0:0:0:0:0:1 - - [08/Nov/2023:09:51:37 +0900] "GET /jsp/EmpList HTTP/1.1" 200 -
0:0:0:0:0:0:0:1 - - [08/Nov/2023:09:51:37 +0900] "GET /jsp/EmpList HTTP/1.1" 200 -
127.0.0.1 - - [08/Nov/2023:09:52:20 +0900] "GET / HTTP/1.1" 404 807
0:0:0:0:0:0:0:1 - - [08/Nov/2023:09:52:21 +0900] "GET /jsp/EmpList HTTP/1.1" 200 174
127.0.0.1 - - [08/Nov/2023:10:12:37 +0900] "GET / HTTP/1.1" 404 807
0:0:0:0:0:0:0:1 - - [08/Nov/2023:10:12:37 +0900] "GET /jsp/jobList HTTP/1.1" 500 1420
0:0:0:0:0:0:0:1 - - [08/Nov/2023:10:14:39 +0900] "GET /jsp/EmpList HTTP/1.1" 500 1420
127.0.0.1 - - [08/Nov/2023:10:20:47 +0900] "GET / HTTP/1.1" 404 807
0:0:0:0:0:0:0:1 - - [08/Nov/2023:10:20:48 +0900] "GET /jsp/EmpList HTTP/1.1" 500 1420
127.0.0.1 - - [08/Nov/2023:10:25:39 +0900] "GET / HTTP/1.1" 404 807
0:0:0:0:0:0:0:1 - - [08/Nov/2023:10:25:40 +0900] "GET /jsp/EmpList HTTP/1.1" 500 1420
127.0.0.1 - - [08/Nov/2023:10:32:59 +0900] "GET / HTTP/1.1" 404 807
0:0:0:0:0:0:0:1 - - [08/Nov/2023:10:33:00 +0900] "GET /jsp/EmpList HTTP/1.1" 500 1420
127.0.0.1 - - [08/Nov/2023:10:33:43 +0900] "GET / HTTP/1.1" 404 807
0:0:0:0:0:0:0:1 - - [08/Nov/2023:10:33:44 +0900] "GET /jsp/EmpList HTTP/1.1" 500 1420
127.0.0.1 - - [08/Nov/2023:10:34:16 +0900] "GET / HTTP/1.1" 404 807
0:0:0:0:0:0:0:1 - - [08/Nov/2023:10:34:16 +0900] "GET /jsp/deptList HTTP/1.1" 500 1424
127.0.0.1 - - [08/Nov/2023:10:34:28 +0900] "GET / HTTP/1.1" 404 807
0:0:0:0:0:0:0:1 - - [08/Nov/2023:10:34:30 +0900] "GET /jsp/jobList HTTP/1.1" 500 1420
127.0.0.1 - - [08/Nov/2023:10:35:25 +0900] "GET / HTTP/1.1" 404 807
0:0:0:0:0:0:0:1 - - [08/Nov/2023:10:35:28 +0900] "GET /jsp/deptList HTTP/1.1" 500 1424
127.0.0.1 - - [08/Nov/2023:10:56:11 +0900] "GET / HTTP/1.1" 404 807
0:0:0:0:0:0:0:1 - - [08/Nov/2023:10:56:12 +0900] "GET /jsp/deptList HTTP/1.1" 404 225
127.0.0.1 - - [08/Nov/2023:10:56:37 +0900] "GET / HTTP/1.1" 404 807
0:0:0:0:0:0:0:1 - - [08/Nov/2023:10:56:38 +0900] "GET /jsp/jobList HTTP/1.1" 200 305
127.0.0.1 - - [08/Nov/2023:10:58:18 +0900] "GET / HTTP/1.1" 404 807
0:0:0:0:0:0:0:1 - - [08/Nov/2023:10:58:19 +0900] "GET /jsp/jdbc/ConnectionTest.jsp HTTP/1.1" 200 2664
127.0.0.1 - - [08/Nov/2023:11:05:22 +0900] "GET / HTTP/1.1" 404 807
0:0:0:0:0:0:0:1 - - [08/Nov/2023:11:05:22 +0900] "GET /jsp/deptList HTTP/1.1" 404 225
0:0:0:0:0:0:0:1 - - [08/Nov/2023:11:05:34 +0900] "GET /jsp/EmpList HTTP/1.1" 200 2566
127.0.0.1 - - [08/Nov/2023:11:06:08 +0900] "GET / HTTP/1.1" 404 807
0:0:0:0:0:0:0:1 - - [08/Nov/2023:11:06:08 +0900] "GET /jsp/jobList HTTP/1.1" 200 305
0:0:0:0:0:0:0:1 - - [08/Nov/2023:11:07:28 +0900] "GET /jsp/deptList HTTP/1.1" 404 225
127.0.0.1 - - [08/Nov/2023:11:08:43 +0900] "GET / HTTP/1.1" 404 807
0:0:0:0:0:0:0:1 - - [08/Nov/2023:11:08:43 +0900] "GET /jsp/deptList HTTP/1.1" 404 225
127.0.0.1 - - [08/Nov/2023:11:09:05 +0900] "GET / HTTP/1.1" 404 807
127.0.0.1 - - [08/Nov/2023:11:09:24 +0900] "GET / HTTP/1.1" 404 807
127.0.0.1 - - [08/Nov/2023:11:12:27 +0900] "GET / HTTP/1.1" 404 807
0:0:0:0:0:0:0:1 - - [08/Nov/2023:11:12:27 +0900] "GET /jsp/deptList HTTP/1.1" 404 225
127.0.0.1 - - [08/Nov/2023:11:45:54 +0900] "GET / HTTP/1.1" 404 807
0:0:0:0:0:0:0:1 - - [08/Nov/2023:11:45:54 +0900] "GET /helloJsp/deptList HTTP/1.1" 500 1424
127.0.0.1 - - [08/Nov/2023:11:47:03 +0900] "GET / HTTP/1.1" 404 807
0:0:0:0:0:0:0:1 - - [08/Nov/2023:11:47:03 +0900] "GET /jsp/EmpList HTTP/1.1" 200 314
127.0.0.1 - - [08/Nov/2023:11:48:51 +0900] "GET / HTTP/1.1" 404 807
0:0:0:0:0:0:0:1 - - [08/Nov/2023:11:48:52 +0900] "GET /jsp/EmpList HTTP/1.1" 200 2566
0:0:0:0:0:0:0:1 - - [08/Nov/2023:11:53:04 +0900] "GET /jsp/deptList HTTP/1.1" 404 225
127.0.0.1 - - [08/Nov/2023:11:53:20 +0900] "GET / HTTP/1.1" 404 807
0:0:0:0:0:0:0:1 - - [08/Nov/2023:11:53:20 +0900] "GET /jsp/jobList HTTP/1.1" 200 305
127.0.0.1 - - [08/Nov/2023:11:59:39 +0900] "GET / HTTP/1.1" 404 807
0:0:0:0:0:0:0:1 - - [08/Nov/2023:11:59:40 +0900] "GET /jsp/deptList HTTP/1.1" 404 225
127.0.0.1 - - [08/Nov/2023:12:01:58 +0900] "GET / HTTP/1.1" 404 807
0:0:0:0:0:0:0:1 - - [08/Nov/2023:12:01:58 +0900] "GET /jsp/deptList HTTP/1.1" 404 225
127.0.0.1 - - [08/Nov/2023:12:04:35 +0900] "GET / HTTP/1.1" 404 807
0:0:0:0:0:0:0:1 - - [08/Nov/2023:12:04:35 +0900] "GET /jsp/WEB-INF/classes/com/momo/dao/DeptDao.java HTTP/1.1" 404 225
0:0:0:0:0:0:0:1 - - [08/Nov/2023:12:05:23 +0900] "GET /jsp/WEB-INF/classes/com/momo/dao/DeptDao.java HTTP/1.1" 404 225
127.0.0.1 - - [08/Nov/2023:12:05:32 +0900] "GET / HTTP/1.1" 404 807
0:0:0:0:0:0:0:1 - - [08/Nov/2023:12:05:32 +0900] "GET /jsp/WEB-INF/classes/com/momo/dao/DeptDao.java HTTP/1.1" 404 225
127.0.0.1 - - [08/Nov/2023:12:05:53 +0900] "GET / HTTP/1.1" 404 807
0:0:0:0:0:0:0:1 - - [08/Nov/2023:12:05:57 +0900] "GET /jsp/EmpList HTTP/1.1" 200 2566
127.0.0.1 - - [08/Nov/2023:12:06:46 +0900] "GET / HTTP/1.1" 404 807
0:0:0:0:0:0:0:1 - - [08/Nov/2023:12:06:47 +0900] "GET /jsp/deptList HTTP/1.1" 404 225
0:0:0:0:0:0:0:1 - - [08/Nov/2023:12:07:28 +0900] "GET /jsp/deptList HTTP/1.1" 404 225
127.0.0.1 - - [08/Nov/2023:12:08:28 +0900] "GET / HTTP/1.1" 404 807
0:0:0:0:0:0:0:1 - - [08/Nov/2023:12:08:29 +0900] "GET /jsp/deptList HTTP/1.1" 404 225
127.0.0.1 - - [08/Nov/2023:12:11:42 +0900] "GET / HTTP/1.1" 404 807
0:0:0:0:0:0:0:1 - - [08/Nov/2023:12:11:43 +0900] "GET /jsp/deptList HTTP/1.1" 404 225
127.0.0.1 - - [08/Nov/2023:12:36:02 +0900] "GET / HTTP/1.1" 404 807
0:0:0:0:0:0:0:1 - - [08/Nov/2023:12:36:03 +0900] "GET /jsp/06%20session/sessionMain.jsp HTTP/1.1" 200 422
127.0.0.1 - - [08/Nov/2023:14:08:20 +0900] "GET / HTTP/1.1" 404 807
0:0:0:0:0:0:0:1 - - [08/Nov/2023:14:08:21 +0900] "GET /jsp/06%20session/lginProcess.jsp HTTP/1.1" 200 159
127.0.0.1 - - [08/Nov/2023:14:53:39 +0900] "GET / HTTP/1.1" 404 807
0:0:0:0:0:0:0:1 - - [08/Nov/2023:14:53:40 +0900] "GET /jsp/06%20session/loginForm.jsp HTTP/1.1" 200 502
127.0.0.1 - - [08/Nov/2023:14:56:15 +0900] "GET / HTTP/1.1" 404 807
0:0:0:0:0:0:0:1 - - [08/Nov/2023:14:56:15 +0900] "GET /jsp/06%20session/loginForm.jsp HTTP/1.1" 200 502
0:0:0:0:0:0:0:1 - - [08/Nov/2023:14:57:14 +0900] "POST /jsp/06%20session/lginProcess.jsp HTTP/1.1" 200 502
127.0.0.1 - - [08/Nov/2023:15:04:16 +0900] "GET / HTTP/1.1" 404 807
0:0:0:0:0:0:0:1 - - [08/Nov/2023:15:04:16 +0900] "GET /jsp/06%20session/sessionMain.jsp HTTP/1.1" 200 2194
127.0.0.1 - - [08/Nov/2023:15:08:44 +0900] "GET / HTTP/1.1" 404 807
0:0:0:0:0:0:0:1 - - [08/Nov/2023:15:08:45 +0900] "GET /jsp/06%20session/lginProcess.jsp HTTP/1.1" 200 502
0:0:0:0:0:0:0:1 - - [08/Nov/2023:15:08:52 +0900] "POST /jsp/06%20session/lginProcess.jsp HTTP/1.1" 302 -
0:0:0:0:0:0:0:1 - - [08/Nov/2023:15:08:53 +0900] "GET /jsp/06%20session/main.jsp HTTP/1.1" 200 225
0:0:0:0:0:0:0:1 - - [08/Nov/2023:15:25:02 +0900] "POST /jsp/06%20session/lginProcess.jsp HTTP/1.1" 302 -
0:0:0:0:0:0:0:1 - - [08/Nov/2023:15:25:02 +0900] "GET /jsp/06%20session/main.jsp HTTP/1.1" 200 225
0:0:0:0:0:0:0:1 - - [08/Nov/2023:15:43:03 +0900] "GET /jsp/06%20session/lginProcess.jsp HTTP/1.1" 200 502
0:0:0:0:0:0:0:1 - - [08/Nov/2023:15:43:08 +0900] "GET /jsp/06%20session/lginProcess.jsp HTTP/1.1" 200 502
0:0:0:0:0:0:0:1 - - [08/Nov/2023:15:43:17 +0900] "POST /jsp/06%20session/lginProcess.jsp HTTP/1.1" 200 502
127.0.0.1 - - [08/Nov/2023:15:44:05 +0900] "GET / HTTP/1.1" 404 807
0:0:0:0:0:0:0:1 - - [08/Nov/2023:15:44:06 +0900] "GET /jsp/06%20session/loginForm.jsp HTTP/1.1" 500 2611
0:0:0:0:0:0:0:1 - - [08/Nov/2023:15:44:10 +0900] "POST /jsp/06%20session/lginProcess.jsp HTTP/1.1" 200 549
0:0:0:0:0:0:0:1 - - [08/Nov/2023:15:44:14 +0900] "POST /jsp/06%20session/lginProcess.jsp HTTP/1.1" 200 549
0:0:0:0:0:0:0:1 - - [08/Nov/2023:15:44:22 +0900] "POST /jsp/06%20session/lginProcess.jsp HTTP/1.1" 200 549
0:0:0:0:0:0:0:1 - - [08/Nov/2023:15:44:27 +0900] "POST /jsp/06%20session/lginProcess.jsp HTTP/1.1" 200 549
0:0:0:0:0:0:0:1 - - [08/Nov/2023:15:46:19 +0900] "GET /jsp/06%20session/loginForm.jsp HTTP/1.1" 200 504
0:0:0:0:0:0:0:1 - - [08/Nov/2023:15:46:22 +0900] "POST /jsp/06%20session/lginProcess.jsp HTTP/1.1" 200 549
127.0.0.1 - - [08/Nov/2023:15:47:07 +0900] "GET / HTTP/1.1" 404 807
0:0:0:0:0:0:0:1 - - [08/Nov/2023:15:47:08 +0900] "GET /jsp/06%20session/loginForm.jsp HTTP/1.1" 200 504
0:0:0:0:0:0:0:1 - - [08/Nov/2023:15:47:12 +0900] "POST /jsp/06%20session/lginProcess.jsp HTTP/1.1" 200 549
127.0.0.1 - - [08/Nov/2023:16:01:08 +0900] "GET / HTTP/1.1" 404 807
0:0:0:0:0:0:0:1 - - [08/Nov/2023:16:01:09 +0900] "GET /jsp/06%20session/main.jsp HTTP/1.1" 200 235
127.0.0.1 - - [08/Nov/2023:16:01:38 +0900] "GET / HTTP/1.1" 404 807
0:0:0:0:0:0:0:1 - - [08/Nov/2023:16:01:38 +0900] "GET /jsp/06%20session/loginForm.jsp HTTP/1.1" 200 504
0:0:0:0:0:0:0:1 - - [08/Nov/2023:16:01:47 +0900] "POST /jsp/06%20session/lginProcess.jsp HTTP/1.1" 302 -
0:0:0:0:0:0:0:1 - - [08/Nov/2023:16:01:47 +0900] "GET /jsp/06%20session/main.jsp HTTP/1.1" 200 299
0:0:0:0:0:0:0:1 - - [08/Nov/2023:16:14:27 +0900] "GET /jsp/06%20session/ex/loginForm.jsp HTTP/1.1" 200 523
0:0:0:0:0:0:0:1 - - [08/Nov/2023:16:14:30 +0900] "POST /jsp/06%20session/ex/lginProcess.jsp HTTP/1.1" 404 225
127.0.0.1 - - [08/Nov/2023:16:34:40 +0900] "GET / HTTP/1.1" 200 146
0:0:0:0:0:0:0:1 - - [08/Nov/2023:16:34:41 +0900] "GET /06%20session/ex/loginForm.jsp HTTP/1.1" 200 476
127.0.0.1 - - [08/Nov/2023:16:36:32 +0900] "GET / HTTP/1.1" 200 146
0:0:0:0:0:0:0:1 - - [08/Nov/2023:16:36:33 +0900] "GET /06%20session/ex/loginForm.jsp HTTP/1.1" 405 825
127.0.0.1 - - [08/Nov/2023:16:41:54 +0900] "GET / HTTP/1.1" 200 146
0:0:0:0:0:0:0:1 - - [08/Nov/2023:16:41:54 +0900] "GET /06%20session/ex/loginForm.jsp HTTP/1.1" 405 825
127.0.0.1 - - [08/Nov/2023:16:42:43 +0900] "GET / HTTP/1.1" 200 146
0:0:0:0:0:0:0:1 - - [08/Nov/2023:16:42:44 +0900] "GET /06%20session/ex/loginForm.jsp HTTP/1.1" 200 771
0:0:0:0:0:0:0:1 - - [08/Nov/2023:16:42:53 +0900] "POST /06%20session/ex/loginProcess HTTP/1.1" 404 225
0:0:0:0:0:0:0:1 - - [08/Nov/2023:16:43:02 +0900] "POST /06%20session/ex/loginProcess HTTP/1.1" 404 225
0:0:0:0:0:0:0:1 - - [08/Nov/2023:16:43:11 +0900] "POST /06%20session/ex/loginProcess HTTP/1.1" 404 225
127.0.0.1 - - [08/Nov/2023:16:45:09 +0900] "GET / HTTP/1.1" 200 146
0:0:0:0:0:0:0:1 - - [08/Nov/2023:16:45:10 +0900] "GET /06%20session/ex/loginForm.jsp HTTP/1.1" 200 771
0:0:0:0:0:0:0:1 - - [08/Nov/2023:16:45:18 +0900] "POST /06%20session/ex/loginProcess HTTP/1.1" 404 225
127.0.0.1 - - [08/Nov/2023:16:48:17 +0900] "GET / HTTP/1.1" 200 146
127.0.0.1 - - [08/Nov/2023:16:48:39 +0900] "GET / HTTP/1.1" 200 146
127.0.0.1 - - [08/Nov/2023:16:49:14 +0900] "GET / HTTP/1.1" 404 807
127.0.0.1 - - [08/Nov/2023:16:49:42 +0900] "GET / HTTP/1.1" 404 807
127.0.0.1 - - [08/Nov/2023:16:50:13 +0900] "GET / HTTP/1.1" 404 807
127.0.0.1 - - [08/Nov/2023:16:54:10 +0900] "GET / HTTP/1.1" 200 146
0:0:0:0:0:0:0:1 - - [08/Nov/2023:16:54:11 +0900] "GET /06%20session/ex/loginForm.jsp HTTP/1.1" 200 775
0:0:0:0:0:0:0:1 - - [08/Nov/2023:16:54:20 +0900] "POST /06%20session/ex/loginProcess.jsp HTTP/1.1" 404 225
127.0.0.1 - - [08/Nov/2023:16:55:01 +0900] "GET / HTTP/1.1" 200 146
0:0:0:0:0:0:0:1 - - [08/Nov/2023:16:55:01 +0900] "GET /06%20session/ex/loginForm.jsp HTTP/1.1" 405 825
0:0:0:0:0:0:0:1 - - [08/Nov/2023:16:55:29 +0900] "GET /06%20session/ex/loginForm.jsp HTTP/1.1" 200 775
127.0.0.1 - - [08/Nov/2023:16:55:37 +0900] "GET / HTTP/1.1" 200 146
0:0:0:0:0:0:0:1 - - [08/Nov/2023:16:55:37 +0900] "GET /06%20session/ex/loginForm.jsp HTTP/1.1" 200 775
0:0:0:0:0:0:0:1 - - [08/Nov/2023:16:55:43 +0900] "POST /06%20session/ex/loginProcess.jsp HTTP/1.1" 404 225
0:0:0:0:0:0:0:1 - - [08/Nov/2023:16:56:45 +0900] "GET /06%20session/ex/loginForm.jsp HTTP/1.1" 200 785
0:0:0:0:0:0:0:1 - - [08/Nov/2023:16:56:48 +0900] "POST /06%20session/ex/loginProcessController.jsp HTTP/1.1" 404 225
0:0:0:0:0:0:0:1 - - [08/Nov/2023:16:56:56 +0900] "POST /06%20session/ex/loginProcessController.jsp HTTP/1.1" 404 225
127.0.0.1 - - [08/Nov/2023:16:58:56 +0900] "GET / HTTP/1.1" 200 146
0:0:0:0:0:0:0:1 - - [08/Nov/2023:16:58:57 +0900] "GET /06%20session/ex/loginForm.jsp HTTP/1.1" 200 771
0:0:0:0:0:0:0:1 - - [08/Nov/2023:16:59:01 +0900] "POST /06%20session/ex/loginProcess HTTP/1.1" 404 225
0:0:0:0:0:0:0:1 - - [08/Nov/2023:16:59:07 +0900] "POST /06%20session/ex/loginProcess HTTP/1.1" 404 225
127.0.0.1 - - [08/Nov/2023:17:02:17 +0900] "GET / HTTP/1.1" 200 146
0:0:0:0:0:0:0:1 - - [08/Nov/2023:17:02:18 +0900] "GET /06session/ex/loginForm.jsp HTTP/1.1" 200 771
0:0:0:0:0:0:0:1 - - [08/Nov/2023:17:02:22 +0900] "POST /06session/ex/loginProcess HTTP/1.1" 404 225
0:0:0:0:0:0:0:1 - - [08/Nov/2023:17:02:29 +0900] "POST /06session/ex/loginProcess HTTP/1.1" 404 225
0:0:0:0:0:0:0:1 - - [08/Nov/2023:17:02:38 +0900] "POST /06session/ex/loginProcess HTTP/1.1" 404 225
127.0.0.1 - - [08/Nov/2023:17:03:43 +0900] "GET / HTTP/1.1" 200 146
0:0:0:0:0:0:0:1 - - [08/Nov/2023:17:03:43 +0900] "GET /06session/ex/loginForm.jsp HTTP/1.1" 405 825
0:0:0:0:0:0:0:1 - - [08/Nov/2023:17:04:03 +0900] "POST /06session/ex/loginProcess HTTP/1.1" 404 225
127.0.0.1 - - [08/Nov/2023:17:04:26 +0900] "GET / HTTP/1.1" 200 146
0:0:0:0:0:0:0:1 - - [08/Nov/2023:17:04:26 +0900] "GET /06session/ex/loginForm.jsp HTTP/1.1" 200 771
0:0:0:0:0:0:0:1 - - [08/Nov/2023:17:04:32 +0900] "POST /06session/ex/loginProcess HTTP/1.1" 302 -
0:0:0:0:0:0:0:1 - - [08/Nov/2023:17:04:33 +0900] "GET /06session/ex/main.jsp HTTP/1.1" 200 179
0:0:0:0:0:0:0:1 - - [08/Nov/2023:17:04:38 +0900] "POST /06session/ex/loginProcess HTTP/1.1" 404 225
0:0:0:0:0:0:0:1 - - [08/Nov/2023:17:05:00 +0900] "GET /06session/ex/loginForm.jsp HTTP/1.1" 200 771
127.0.0.1 - - [08/Nov/2023:18:53:48 +0900] "GET / HTTP/1.1" 200 146
0:0:0:0:0:0:0:1 - - [08/Nov/2023:18:53:49 +0900] "GET /EmpList HTTP/1.1" 200 2566
0:0:0:0:0:0:0:1 - - [08/Nov/2023:19:16:48 +0900] "GET /06session/loginForm.jsp HTTP/1.1" 200 504
127.0.0.1 - - [08/Nov/2023:19:22:25 +0900] "GET / HTTP/1.1" 200 146
0:0:0:0:0:0:0:1 - - [08/Nov/2023:19:22:25 +0900] "GET /06session/ex/loginForm.jsp HTTP/1.1" 200 771
0:0:0:0:0:0:0:1 - - [08/Nov/2023:19:22:52 +0900] "POST /06session/ex/loginProcess HTTP/1.1" 302 -
0:0:0:0:0:0:0:1 - - [08/Nov/2023:19:22:52 +0900] "GET /06session/ex/main.jsp HTTP/1.1" 200 179
