127.0.0.1 - - [20/Nov/2023:10:14:54 +0900] "GET / HTTP/1.1" 200 146
0:0:0:0:0:0:0:1 - - [20/Nov/2023:10:14:54 +0900] "GET /09JSTL/gugudan.jsp HTTP/1.1" 500 8082
0:0:0:0:0:0:0:1 - - [20/Nov/2023:10:14:55 +0900] "GET /favicon.ico HTTP/1.1" 404 225
127.0.0.1 - - [20/Nov/2023:10:15:50 +0900] "GET / HTTP/1.1" 200 146
0:0:0:0:0:0:0:1 - - [20/Nov/2023:10:15:51 +0900] "GET /09JSTL/gugudan.jsp HTTP/1.1" 500 8082
127.0.0.1 - - [20/Nov/2023:10:16:40 +0900] "GET / HTTP/1.1" 200 146
0:0:0:0:0:0:0:1 - - [20/Nov/2023:10:16:40 +0900] "GET /09JSTL/gugudan.jsp HTTP/1.1" 500 8082
127.0.0.1 - - [20/Nov/2023:10:18:18 +0900] "GET / HTTP/1.1" 200 146
0:0:0:0:0:0:0:1 - - [20/Nov/2023:10:18:19 +0900] "GET /09JSTL/gugudan.jsp HTTP/1.1" 500 8082
127.0.0.1 - - [20/Nov/2023:10:22:39 +0900] "GET / HTTP/1.1" 200 146
0:0:0:0:0:0:0:1 - - [20/Nov/2023:10:22:40 +0900] "GET /09JSTL/gugudan.jsp HTTP/1.1" 500 8082
127.0.0.1 - - [20/Nov/2023:10:23:57 +0900] "GET / HTTP/1.1" 200 146
0:0:0:0:0:0:0:1 - - [20/Nov/2023:10:23:58 +0900] "GET /09JSTL/gugudan.jsp HTTP/1.1" 500 8082
127.0.0.1 - - [20/Nov/2023:10:27:06 +0900] "GET / HTTP/1.1" 200 146
0:0:0:0:0:0:0:1 - - [20/Nov/2023:10:27:07 +0900] "GET /09JSTL/gugudan.jsp HTTP/1.1" 200 3016
127.0.0.1 - - [20/Nov/2023:10:30:46 +0900] "GET / HTTP/1.1" 200 146
0:0:0:0:0:0:0:1 - - [20/Nov/2023:10:30:46 +0900] "GET /09JSTL/gugudan.jsp HTTP/1.1" 200 3016
127.0.0.1 - - [20/Nov/2023:10:43:49 +0900] "GET / HTTP/1.1" 200 146
0:0:0:0:0:0:0:1 - - [20/Nov/2023:10:43:50 +0900] "GET /09JSTL/gugudan.jsp HTTP/1.1" 200 3100
127.0.0.1 - - [20/Nov/2023:10:48:29 +0900] "GET / HTTP/1.1" 200 146
0:0:0:0:0:0:0:1 - - [20/Nov/2023:10:48:30 +0900] "GET /09JSTL/gugudan.jsp HTTP/1.1" 200 4410
127.0.0.1 - - [20/Nov/2023:10:48:57 +0900] "GET / HTTP/1.1" 200 146
0:0:0:0:0:0:0:1 - - [20/Nov/2023:10:48:58 +0900] "GET /09JSTL/gugudan.jsp HTTP/1.1" 200 4410
127.0.0.1 - - [20/Nov/2023:10:49:38 +0900] "GET / HTTP/1.1" 200 146
0:0:0:0:0:0:0:1 - - [20/Nov/2023:10:49:39 +0900] "GET /09JSTL/gugudan.jsp HTTP/1.1" 200 4442
0:0:0:0:0:0:0:1 - - [20/Nov/2023:10:51:16 +0900] "GET /09JSTL/gugudan.jsp HTTP/1.1" 200 4596
127.0.0.1 - - [20/Nov/2023:11:30:15 +0900] "GET / HTTP/1.1" 200 146
0:0:0:0:0:0:0:1 - - [20/Nov/2023:11:30:16 +0900] "GET /09JSTL/core/1set.jsp HTTP/1.1" 500 2630
127.0.0.1 - - [20/Nov/2023:11:30:37 +0900] "GET / HTTP/1.1" 200 146
0:0:0:0:0:0:0:1 - - [20/Nov/2023:11:30:38 +0900] "GET /09JSTL/core/1set.jsp HTTP/1.1" 500 2598
127.0.0.1 - - [20/Nov/2023:11:31:24 +0900] "GET / HTTP/1.1" 200 146
0:0:0:0:0:0:0:1 - - [20/Nov/2023:11:31:25 +0900] "GET /09JSTL/core/1set.jsp HTTP/1.1" 500 2623
127.0.0.1 - - [20/Nov/2023:11:33:01 +0900] "GET / HTTP/1.1" 200 146
0:0:0:0:0:0:0:1 - - [20/Nov/2023:11:33:02 +0900] "GET /09JSTL/core/1set.jsp HTTP/1.1" 500 2597
127.0.0.1 - - [20/Nov/2023:11:35:28 +0900] "GET / HTTP/1.1" 200 146
0:0:0:0:0:0:0:1 - - [20/Nov/2023:11:35:29 +0900] "GET /09JSTL/core/1set.jsp HTTP/1.1" 200 545
127.0.0.1 - - [20/Nov/2023:11:36:57 +0900] "GET / HTTP/1.1" 200 146
0:0:0:0:0:0:0:1 - - [20/Nov/2023:11:37:12 +0900] "GET /09JSTL/core/1set.jsp HTTP/1.1" 500 2594
127.0.0.1 - - [20/Nov/2023:11:40:03 +0900] "GET / HTTP/1.1" 200 146
0:0:0:0:0:0:0:1 - - [20/Nov/2023:11:40:04 +0900] "GET /09JSTL/core/1set.jsp HTTP/1.1" 500 2608
127.0.0.1 - - [20/Nov/2023:11:40:17 +0900] "GET / HTTP/1.1" 200 146
0:0:0:0:0:0:0:1 - - [20/Nov/2023:11:40:18 +0900] "GET /09JSTL/core/1set.jsp HTTP/1.1" 200 550
127.0.0.1 - - [20/Nov/2023:11:54:47 +0900] "GET / HTTP/1.1" 200 146
0:0:0:0:0:0:0:1 - - [20/Nov/2023:11:54:48 +0900] "GET /09JSTL/core/1set.jsp HTTP/1.1" 200 1064
0:0:0:0:0:0:0:1 - - [20/Nov/2023:12:11:48 +0900] "GET /09JSTL/core/1set.jsp HTTP/1.1" 200 1064
127.0.0.1 - - [20/Nov/2023:12:38:39 +0900] "GET / HTTP/1.1" 200 146
0:0:0:0:0:0:0:1 - - [20/Nov/2023:12:38:40 +0900] "GET /09JSTL/core/1set.jsp HTTP/1.1" 200 1449
0:0:0:0:0:0:0:1 - - [20/Nov/2023:12:43:42 +0900] "GET /06session/servletEx/board.jsp HTTP/1.1" 200 5219
127.0.0.1 - - [20/Nov/2023:12:44:39 +0900] "GET / HTTP/1.1" 200 146
0:0:0:0:0:0:0:1 - - [20/Nov/2023:12:44:39 +0900] "GET /boardList HTTP/1.1" 200 8721
0:0:0:0:0:0:0:1 - - [20/Nov/2023:12:44:50 +0900] "GET /boardList?pageNo=2 HTTP/1.1" 200 8722
0:0:0:0:0:0:0:1 - - [20/Nov/2023:12:44:50 +0900] "GET /boardList?pageNo=3 HTTP/1.1" 200 8720
0:0:0:0:0:0:0:1 - - [20/Nov/2023:12:44:51 +0900] "GET /boardList?pageNo=1 HTTP/1.1" 200 8721
0:0:0:0:0:0:0:1 - - [20/Nov/2023:12:44:51 +0900] "GET /boardList?pageNo=3 HTTP/1.1" 200 8722
0:0:0:0:0:0:0:1 - - [20/Nov/2023:12:44:52 +0900] "GET /boardList?pageNo=4 HTTP/1.1" 200 8722
127.0.0.1 - - [20/Nov/2023:14:11:31 +0900] "GET / HTTP/1.1" 200 146
0:0:0:0:0:0:0:1 - - [20/Nov/2023:14:11:32 +0900] "GET /boardList HTTP/1.1" 200 9752
127.0.0.1 - - [20/Nov/2023:14:12:04 +0900] "GET / HTTP/1.1" 200 146
0:0:0:0:0:0:0:1 - - [20/Nov/2023:14:12:05 +0900] "GET /06session/servletEx/board.jsp HTTP/1.1" 200 5409
127.0.0.1 - - [20/Nov/2023:14:12:37 +0900] "GET / HTTP/1.1" 200 146
0:0:0:0:0:0:0:1 - - [20/Nov/2023:14:12:37 +0900] "GET /boardList HTTP/1.1" 200 9760
127.0.0.1 - - [20/Nov/2023:14:13:32 +0900] "GET / HTTP/1.1" 200 146
0:0:0:0:0:0:0:1 - - [20/Nov/2023:14:13:33 +0900] "GET /boardList HTTP/1.1" 200 9759
127.0.0.1 - - [20/Nov/2023:14:20:04 +0900] "GET / HTTP/1.1" 200 146
0:0:0:0:0:0:0:1 - - [20/Nov/2023:14:20:05 +0900] "GET /09JSTL/core/2remove.jsp HTTP/1.1" 200 219
0:0:0:0:0:0:0:1 - - [20/Nov/2023:14:20:21 +0900] "GET /boardList?pageNo=2 HTTP/1.1" 200 9761
0:0:0:0:0:0:0:1 - - [20/Nov/2023:14:20:22 +0900] "GET /boardList?pageNo=3 HTTP/1.1" 200 9759
127.0.0.1 - - [20/Nov/2023:14:21:48 +0900] "GET / HTTP/1.1" 200 146
0:0:0:0:0:0:0:1 - - [20/Nov/2023:14:21:48 +0900] "GET /09JSTL/core/2remove.jsp HTTP/1.1" 200 219
127.0.0.1 - - [20/Nov/2023:14:24:59 +0900] "GET / HTTP/1.1" 200 146
0:0:0:0:0:0:0:1 - - [20/Nov/2023:14:25:00 +0900] "GET /09JSTL/core/2remove.jsp HTTP/1.1" 200 272
127.0.0.1 - - [20/Nov/2023:14:32:37 +0900] "GET / HTTP/1.1" 200 146
0:0:0:0:0:0:0:1 - - [20/Nov/2023:14:32:38 +0900] "GET /09JSTL/core/3if.jsp HTTP/1.1" 200 423
127.0.0.1 - - [20/Nov/2023:15:24:03 +0900] "GET / HTTP/1.1" 200 146
0:0:0:0:0:0:0:1 - - [20/Nov/2023:15:24:05 +0900] "GET /list HTTP/1.1" 200 489
127.0.0.1 - - [20/Nov/2023:15:34:37 +0900] "GET / HTTP/1.1" 200 146
0:0:0:0:0:0:0:1 - - [20/Nov/2023:15:34:38 +0900] "GET /list HTTP/1.1" 200 2185
127.0.0.1 - - [20/Nov/2023:15:38:51 +0900] "GET / HTTP/1.1" 200 146
0:0:0:0:0:0:0:1 - - [20/Nov/2023:15:38:52 +0900] "GET /09JSTL/core/list.jsp HTTP/1.1" 200 542
127.0.0.1 - - [20/Nov/2023:15:56:16 +0900] "GET / HTTP/1.1" 200 146
0:0:0:0:0:0:0:1 - - [20/Nov/2023:15:56:18 +0900] "GET /boardList HTTP/1.1" 200 11393
0:0:0:0:0:0:0:1 - - [20/Nov/2023:15:56:26 +0900] "GET /boardList?pageNo=2 HTTP/1.1" 200 11393
0:0:0:0:0:0:0:1 - - [20/Nov/2023:15:56:26 +0900] "GET /boardList?pageNo=3 HTTP/1.1" 200 11392
0:0:0:0:0:0:0:1 - - [20/Nov/2023:15:56:27 +0900] "GET /boardList?pageNo=1 HTTP/1.1" 200 11393
0:0:0:0:0:0:0:1 - - [20/Nov/2023:15:56:28 +0900] "GET /boardList?pageNo=3 HTTP/1.1" 200 11392
0:0:0:0:0:0:0:1 - - [20/Nov/2023:15:56:29 +0900] "GET /boardList?pageNo=4 HTTP/1.1" 200 11393
0:0:0:0:0:0:0:1 - - [20/Nov/2023:15:56:29 +0900] "GET /boardList?pageNo=5 HTTP/1.1" 200 11393
0:0:0:0:0:0:0:1 - - [20/Nov/2023:15:56:29 +0900] "GET /boardList?pageNo=6 HTTP/1.1" 200 11393
0:0:0:0:0:0:0:1 - - [20/Nov/2023:15:56:30 +0900] "GET /boardList?pageNo=7 HTTP/1.1" 200 11393
0:0:0:0:0:0:0:1 - - [20/Nov/2023:15:56:30 +0900] "GET /boardList?pageNo=9 HTTP/1.1" 200 11392
0:0:0:0:0:0:0:1 - - [20/Nov/2023:15:56:31 +0900] "GET /boardList?pageNo=10 HTTP/1.1" 200 11393
0:0:0:0:0:0:0:1 - - [20/Nov/2023:15:56:32 +0900] "GET /boardList?pageNo=1 HTTP/1.1" 200 11393
0:0:0:0:0:0:0:1 - - [20/Nov/2023:15:57:05 +0900] "GET /boardRead?num=231 HTTP/1.1" 404 225
127.0.0.1 - - [20/Nov/2023:16:22:54 +0900] "GET / HTTP/1.1" 200 146
0:0:0:0:0:0:0:1 - - [20/Nov/2023:16:22:56 +0900] "GET /06session/servletEx/board.jsp HTTP/1.1" 200 5752
127.0.0.1 - - [20/Nov/2023:16:23:12 +0900] "GET / HTTP/1.1" 200 146
0:0:0:0:0:0:0:1 - - [20/Nov/2023:16:23:13 +0900] "GET /boardList HTTP/1.1" 200 11458
0:0:0:0:0:0:0:1 - - [20/Nov/2023:16:23:15 +0900] "GET /06session/servletEx/loginForm.jsp? HTTP/1.1" 200 512
0:0:0:0:0:0:0:1 - - [20/Nov/2023:16:23:16 +0900] "POST /06session/servletEx/loginprocess HTTP/1.1" 302 -
0:0:0:0:0:0:0:1 - - [20/Nov/2023:16:23:16 +0900] "GET /boardList HTTP/1.1" 200 11522
0:0:0:0:0:0:0:1 - - [20/Nov/2023:16:23:18 +0900] "GET /logout? HTTP/1.1" 302 -
0:0:0:0:0:0:0:1 - - [20/Nov/2023:16:23:18 +0900] "GET /06session/servletEx/loginForm.jsp HTTP/1.1" 200 512
0:0:0:0:0:0:0:1 - - [20/Nov/2023:16:23:19 +0900] "POST /06session/servletEx/loginprocess HTTP/1.1" 302 -
0:0:0:0:0:0:0:1 - - [20/Nov/2023:16:23:19 +0900] "GET /boardList HTTP/1.1" 200 11523
127.0.0.1 - - [20/Nov/2023:16:32:39 +0900] "GET / HTTP/1.1" 200 146
0:0:0:0:0:0:0:1 - - [20/Nov/2023:16:32:39 +0900] "GET /09JSTL/core/3if.jsp HTTP/1.1" 500 3182
127.0.0.1 - - [20/Nov/2023:16:33:10 +0900] "GET / HTTP/1.1" 200 146
0:0:0:0:0:0:0:1 - - [20/Nov/2023:16:33:11 +0900] "GET /09JSTL/core/3if.jsp HTTP/1.1" 200 612
127.0.0.1 - - [20/Nov/2023:16:39:26 +0900] "GET / HTTP/1.1" 200 146
0:0:0:0:0:0:0:1 - - [20/Nov/2023:16:39:27 +0900] "GET /09JSTL/core/3if.jsp HTTP/1.1" 200 839
127.0.0.1 - - [20/Nov/2023:16:42:13 +0900] "GET / HTTP/1.1" 200 146
0:0:0:0:0:0:0:1 - - [20/Nov/2023:16:42:14 +0900] "GET /09JSTL/core/3if.jsp HTTP/1.1" 200 1025
127.0.0.1 - - [20/Nov/2023:16:51:13 +0900] "GET / HTTP/1.1" 200 146
0:0:0:0:0:0:0:1 - - [20/Nov/2023:16:51:14 +0900] "GET /09JSTL/core/4choose.jsp HTTP/1.1" 200 574
0:0:0:0:0:0:0:1 - - [20/Nov/2023:16:51:57 +0900] "GET /09JSTL/core/4choose.jsp HTTP/1.1" 200 574
0:0:0:0:0:0:0:1 - - [20/Nov/2023:16:52:00 +0900] "GET /09JSTL/core/4choose.jsp HTTP/1.1" 200 574
127.0.0.1 - - [20/Nov/2023:16:52:38 +0900] "GET / HTTP/1.1" 200 146
0:0:0:0:0:0:0:1 - - [20/Nov/2023:16:52:38 +0900] "GET /09JSTL/core/4choose.jsp HTTP/1.1" 200 574
127.0.0.1 - - [20/Nov/2023:16:53:04 +0900] "GET / HTTP/1.1" 200 146
0:0:0:0:0:0:0:1 - - [20/Nov/2023:16:53:05 +0900] "GET /09JSTL/core/4choose.jsp HTTP/1.1" 200 601
0:0:0:0:0:0:0:1 - - [20/Nov/2023:17:18:25 +0900] "GET /09JSTL/core/4choose.jsp? HTTP/1.1" 200 601
127.0.0.1 - - [20/Nov/2023:19:51:40 +0900] "GET / HTTP/1.1" 200 146
0:0:0:0:0:0:0:1 - - [20/Nov/2023:19:51:41 +0900] "GET /09JSTL/core/1set.jsp HTTP/1.1" 200 1704
127.0.0.1 - - [20/Nov/2023:19:59:55 +0900] "GET / HTTP/1.1" 200 146
0:0:0:0:0:0:0:1 - - [20/Nov/2023:19:59:55 +0900] "GET /09JSTL/core/2remove.jsp HTTP/1.1" 500 2634
127.0.0.1 - - [20/Nov/2023:20:03:40 +0900] "GET / HTTP/1.1" 200 146
0:0:0:0:0:0:0:1 - - [20/Nov/2023:20:03:41 +0900] "GET /09JSTL/core/2remove.jsp HTTP/1.1" 200 784
127.0.0.1 - - [20/Nov/2023:20:15:20 +0900] "GET / HTTP/1.1" 200 146
0:0:0:0:0:0:0:1 - - [20/Nov/2023:20:15:21 +0900] "GET /09JSTL/core/3if.jsp HTTP/1.1" 200 998
0:0:0:0:0:0:0:1 - - [20/Nov/2023:20:26:58 +0900] "POST /06session/servletEx/loginprocess HTTP/1.1" 302 -
0:0:0:0:0:0:0:1 - - [20/Nov/2023:20:26:58 +0900] "GET /boardList HTTP/1.1" 200 11521
0:0:0:0:0:0:0:1 - - [20/Nov/2023:20:27:09 +0900] "GET /boardList?pageNo=2 HTTP/1.1" 200 11521
0:0:0:0:0:0:0:1 - - [20/Nov/2023:20:27:12 +0900] "GET /boardList?pageNo=1 HTTP/1.1" 200 11521
0:0:0:0:0:0:0:1 - - [20/Nov/2023:20:27:12 +0900] "GET /boardList?pageNo=2 HTTP/1.1" 200 11521
0:0:0:0:0:0:0:1 - - [20/Nov/2023:20:27:17 +0900] "GET /boardList?pageNo=9 HTTP/1.1" 200 11521
